hooks/useRealtimeNotifications.ts(63,28): error TS2339: Property 'created_at' does not exist on type 'unknown'.
hooks/useRealtimeNotifications.ts(63,63): error TS2339: Property 'created_at' does not exist on type 'unknown'.
hooks/useRealtimeNotifications.ts(78,28): error TS2339: Property 'created_at' does not exist on type 'unknown'.
hooks/useRealtimeNotifications.ts(78,63): error TS2339: Property 'created_at' does not exist on type 'unknown'.
hooks/useRealtimeNotifications.ts(83,92): error TS2339: Property 'is_read' does not exist on type 'unknown'.
hooks/useRealtimeOrders.ts(83,30): error TS2339: Property 'created_at' does not exist on type 'unknown'.
hooks/useRealtimeOrders.ts(83,65): error TS2339: Property 'created_at' does not exist on type 'unknown'.
hooks/useRealtimeOrders.ts(94,28): error TS2339: Property 'created_at' does not exist on type 'unknown'.
hooks/useRealtimeOrders.ts(94,63): error TS2339: Property 'created_at' does not exist on type 'unknown'.
scripts/sync_drive.ts(1,26): error TS2307: Cannot find module './services/supabase' or its corresponding type declarations.
