scripts/restore_products.ts(2,30): error TS2307: Cannot find module './translations.js' or its corresponding type declarations.
src/utils/driveSync.ts(1,26): error TS2307: Cannot find module '../services/supabase' or its corresponding type declarations.
