scripts/restore_products.ts(2,30): error TS2307: Cannot find module './translations.js' or its corresponding type declarations.
src/utils/driveSync.ts(1,26): error TS2307: Cannot find module '../services/supabase' or its corresponding type declarations.
supabase/functions/analyze-audit/index.ts(3,1): error TS2304: Cannot find name 'Deno'.
supabase/functions/chat-ai/index.ts(1,23): error TS2307: Cannot find module 'https://deno.land/std@0.168.0/http/server.ts' or its corresponding type declarations.
